BVS1_ZSV14030878_371120210409_176070_20210409_0500_000001.xml
BVS1_ZSV14030878_371120210409_176070_20210409_0500_000001.xml
BVS1_ZSV14030878_371120210409_176070_20210409_0500_000001.xml
BVS1_ZSV14030878_371120210409_176070_20210409_0500_000001.xml
